Error sintáctico (6): Línea 1: Se ha encontrado 'boolean'' y se esperaba 'id'
